// Jest Snapshot v1, https://goo.gl/fbAQLP

exports[`Navbar renders 1`] = `
<header>
  <i
    className="fas fa-leaf"
  />
  <span>
    Habit Tracker
  </span>
  <span
    className="active-count"
    data-testid="total-count"
  >
    4
  </span>
</header>
`;
